C51 COMPILER V9.60.7.0   GAME                                                              06/22/2026 23:02:12 PAGE 1   


C51 COMPILER V9.60.7.0, COMPILATION OF MODULE GAME
OBJECT MODULE PLACED IN .\Objects\Game.obj
COMPILER INVOKED BY: E:\Softwares\IDE\keil_v5\C51\BIN\C51.EXE ..\src\Game.c OPTIMIZE(8,SPEED) BROWSE DEBUG OBJECTEXTEND 
                    -PRINT(.\Listings\Game.lst) TABS(2) OBJECT(.\Objects\Game.obj)

line level    source

   1          //
   2          // Created by MeowWow520 on 2026/6/22.
   3          //
   4          
   5          #include "Game.h"
   6          #include "Keypad.h"
   7          
   8          #define ENEMY_COUNT 4
   9          
  10          static Object s_player;
  11          static Object s_enemies[ENEMY_COUNT];
  12          
  13          void Game_Init(void) {
  14   1          s_player.pos = 0x10;
  15   1          s_enemies[0].pos = 0x01;
  16   1          s_enemies[1].pos = 0x15;
  17   1          s_enemies[2].pos = 0x24;
  18   1          s_enemies[3].pos = 0x37;
  19   1      }
  20          
  21          uint8 Game_get_object_line(Object object) {
  22   1          return (object.pos >> 4) & 0x03;
  23   1      }
  24          
  25          uint8 Game_get_object_column(Object object) {
  26   1          return (object.pos & 0x0F);
  27   1      }
  28          
  29          void Game_pos_up(Object* object) {
  30   1          if ((object->pos & 0x30) != 0x00)
  31   1              object->pos -= 0x10;
  32   1      }
  33          
  34          void Game_pos_down(Object* object) {
  35   1          if ((object->pos & 0x30) != 0x30)
  36   1              object->pos += 0x10;
  37   1      }
  38          
  39          void Game_pos_left(Object* object) {
  40   1          if ((object->pos & 0x0F) != 0x00)
  41   1              object->pos--;
  42   1      }
  43          
  44          void Game_update_player(uint8 key) {
  45   1          if (key == KEY_UP)    Game_pos_up(&s_player);
  46   1          if (key == KEY_DOWN)  Game_pos_down(&s_player);
  47   1          if (key == KEY_START) {}
  48   1      }
  49          
  50          void Game_update_enemies(void) {
  51   1          uint8 i;
  52   1          for (i = 0; i < ENEMY_COUNT; i++)
  53   1              Game_pos_left(&s_enemies[i]);
  54   1      }
C51 COMPILER V9.60.7.0   GAME                                                              06/22/2026 23:02:12 PAGE 2   

  55          
  56          Object Game_get_player(void) {
  57   1          return s_player;
  58   1      }
  59          
  60          Object Game_get_enemy(uint8 index) {
  61   1          return s_enemies[index];
  62   1      }
  63          
  64          uint8 Game_enemy_count(void) {
  65   1          return ENEMY_COUNT;
  66   1      }
  67          
  68          void Game_place_char(char* buffer, char display_text, Object object) {
  69   1          buffer[Game_get_object_column(object)] = display_text;
  70   1      }


MODULE INFORMATION:   STATIC OVERLAYABLE
   CODE SIZE        =    176    ----
   CONSTANT SIZE    =   ----    ----
   XDATA SIZE       =   ----    ----
   PDATA SIZE       =   ----    ----
   DATA SIZE        =      5       7
   IDATA SIZE       =   ----    ----
   BIT SIZE         =   ----    ----
END OF MODULE INFORMATION.


C51 COMPILATION COMPLETE.  0 WARNING(S),  0 ERROR(S)
