C51 COMPILER V9.60.7.0   MAIN                                                              06/23/2026 14:41:36 PAGE 1   


C51 COMPILER V9.60.7.0, COMPILATION OF MODULE MAIN
OBJECT MODULE PLACED IN .\Objects\main.obj
COMPILER INVOKED BY: E:\Softwares\IDE\keil_v5\C51\BIN\C51.EXE ..\src\main.c OPTIMIZE(8,SPEED) BROWSE DEBUG OBJECTEXTEND 
                    -PRINT(.\Listings\main.lst) TABS(2) OBJECT(.\Objects\main.obj)

line level    source

   1          //
   2          // Created by MeowWow520 on 2026/6/22.
   3          //
   4          
   5          
   6          #include <reg51.h>
   7          #include "LCD.h"
   8          #include "Keypad.h"
   9          #include "Game.h"
  10          #include "Delay.h"
  11          
  12          
  13          bit flag_tick = 0;
  14          void Timer_Init(void);
  15          
  16          
  17          void main(void) {
  18   1          Timer_Init();
  19   1          LCD_Init();
  20   1          Game_Init();
  21   1          while (1) {
  22   2              uint8 key = Keypad_Read();
  23   2              Game_update_player(key);
  24   2      
  25   2              if (flag_tick == 1) {
  26   3                  Game_update_enemies();
  27   3                  flag_tick = 0;
  28   3              }
  29   2      
  30   2              {
  31   3                  uint8 line, i;
  32   3                  char line_buf[17];
  33   3                  for (line = 0; line < 4; line++) {
  34   4                      for (i = 0; i < 16; i++) line_buf[i] = ' ';
  35   4                      line_buf[16] = '\0';
  36   4      
  37   4                      if (Game_is_gameover()) {
  38   5                          if (line == 0)      LCD_Display(0, "====--------====");
  39   5                          if (line == 1)      LCD_Display(1, "   GAME OVER!!  ");
  40   5                          if (line == 2)      LCD_Display(2, " Press # restart");
  41   5                          if (line == 3)      LCD_Display(3, "~~~~~~~~~~~~~~~~");
  42   5                          continue;
  43   5                      }
  44   4                      if (Game_is_paused()) {
  45   5                          if (line == 0)      LCD_Display(0, "====--------====");
  46   5                          if (line == 1)      LCD_Display(1, "     PAUSED     ");
  47   5                          if (line == 2)      LCD_Display(2, "  Press # resume");
  48   5                          if (line == 3)      LCD_Display(3, "~~~~~~~~~~~~~~~~");
  49   5      
  50   5                          continue;
  51   5                      }
  52   4      
  53   4                      if (Game_get_object_line(Game_get_player()) == line)
  54   4                          Game_place_char(line_buf, 'P', Game_get_player());
C51 COMPILER V9.60.7.0   MAIN                                                              06/23/2026 14:41:36 PAGE 2   

  55   4                      for (i = 0; i < Game_enemy_count(); i++)
  56   4                          if (Game_get_object_line(Game_get_enemy(i)) == line)
  57   4                              Game_place_char(line_buf, '*', Game_get_enemy(i));
  58   4                      LCD_Display(line, line_buf);
  59   4                  }
  60   3              }
  61   2          }
  62   1      }
  63          
  64          // 游戏速度
  65          #define TICK_THRESHOLD 6
  66          
  67          void ISR_T0(void) interrupt 1 {
  68   1          static uint8 tick_counter = 0;
  69   1          TH0 = 0x3C;
  70   1          TL0 = 0xB0;
  71   1          tick_counter++;
  72   1      
  73   1          Keypad_Scan_ISR();
*** WARNING C206 IN LINE 73 OF ..\src\main.c: 'Keypad_Scan_ISR': missing function-prototype
  74   1      
  75   1          if (tick_counter >= TICK_THRESHOLD) {
  76   2              tick_counter = 0;
  77   2              flag_tick = 1;
  78   2          }
  79   1      }
  80          
  81          
  82          void Timer_Init(void) {
  83   1          TMOD = 0x01;
  84   1          TH0 = 0x3C;
  85   1          TL0 = 0xB0;
  86   1          ET0 = 1; TR0 = 1; EA = 1;
  87   1      }


MODULE INFORMATION:   STATIC OVERLAYABLE
   CODE SIZE        =    419    ----
   CONSTANT SIZE    =    102    ----
   XDATA SIZE       =   ----    ----
   PDATA SIZE       =   ----    ----
   DATA SIZE        =      1      20
   IDATA SIZE       =   ----    ----
   BIT SIZE         =      1    ----
END OF MODULE INFORMATION.


C51 COMPILATION COMPLETE.  1 WARNING(S),  0 ERROR(S)
