C51 COMPILER V9.60.7.0   MAIN                                                              06/24/2026 09:23:44 PAGE 1   


C51 COMPILER V9.60.7.0, COMPILATION OF MODULE MAIN
OBJECT MODULE PLACED IN .\Objects\main.obj
COMPILER INVOKED BY: E:\Softwares\IDE\keil_v5\C51\BIN\C51.EXE ..\src\main.c OPTIMIZE(8,SPEED) BROWSE DEBUG OBJECTEXTEND 
                    -PRINT(.\Listings\main.lst) TABS(2) OBJECT(.\Objects\main.obj)

line level    source

   1          //
   2          // Created by MeowWow520 on 2026/6/22.
   3          //
   4          
   5          
   6          #include <reg51.h>
   7          #include "LCD.h"
   8          #include "Keypad.h"
   9          #include "Game.h"
  10          #include "Delay.h"
  11          
  12          #define USING_ANOTHER_SEED
  13          
  14          
  15          bit flag_tick = 0;
  16          bit screen_dirty = 1;
  17          void Timer_Init(void);
  18          
  19          
  20          void main(void) {
  21   1          uint8 prev_state = 0;
  22   1          bit   state_screen_shown = 0;
  23   1      
  24   1          Timer_Init();
  25   1          LCD_Init();
  26   1          Game_Init();
  27   1          while (1) {
  28   2              uint8 key = Keypad_Read();
  29   2              Game_update_player(key);
  30   2              if (key != KEY_NONE) {
  31   3                  screen_dirty = 1;
  32   3                  state_screen_shown = 0;
  33   3              }
  34   2      
  35   2              if (flag_tick == 1) {
  36   3                  if (!Game_is_paused() && !Game_is_gameover()) {
  37   4                      Game_update_enemies();
  38   4                      screen_dirty = 1;
  39   4                  }
  40   3                  flag_tick = 0;
  41   3              }
  42   2      
  43   2              {
  44   3                  uint8 cur_state;
  45   3                  if      (Game_is_gameover()) cur_state = 2;
  46   3                  else if (Game_is_paused())   cur_state = 1;
  47   3                  else                         cur_state = 0;
  48   3                  if (cur_state != prev_state) {
  49   4                      screen_dirty = 1;
  50   4                      state_screen_shown = 0;
  51   4                      prev_state = cur_state;
  52   4                  }
  53   3              }
  54   2      
C51 COMPILER V9.60.7.0   MAIN                                                              06/24/2026 09:23:44 PAGE 2   

  55   2              if (screen_dirty) {
  56   3                  uint8 line, i;
  57   3                  char  line_buf[17];
  58   3      
  59   3                  if (Game_is_gameover() || Game_is_paused()) {
  60   4                      if (!state_screen_shown) {
  61   5                          for (line = 0; line < 4; line++) {
  62   6                              if (Game_is_gameover()) {
  63   7                                  if (line == 0) LCD_Display(0, "====--------====");
  64   7                                  if (line == 1) LCD_Display(1, "   GAME OVER!!  ");
  65   7                                  if (line == 2) LCD_Display(2, " Press # restart");
  66   7                                  if (line == 3) LCD_Display(3, "====--------====");
  67   7                              } else {
  68   7                                  if (line == 0) LCD_Display(0, "====--------====");
  69   7                                  if (line == 1) LCD_Display(1, "     PAUSED     ");
  70   7                                  if (line == 2) LCD_Display(2, "  Press # resume");
  71   7                                  if (line == 3) LCD_Display(3, "====--------====");
  72   7                              }
  73   6                          }
  74   5                          state_screen_shown = 1;
  75   5                      }
  76   4                  } else {
  77   4                      for (line = 0; line < 4; line++) {
  78   5                          for (i = 0; i < 16; i++) line_buf[i] = ' ';
  79   5                          line_buf[16] = '\0';
  80   5                          if (Game_get_object_line(Game_get_player()) == line)
  81   5                              Game_place_char(line_buf, 'P', Game_get_player());
  82   5                          for (i = 0; i < Game_enemy_count(); i++)
  83   5                              if (Game_get_object_line(Game_get_enemy(i)) == line
  84   5                                  && Game_get_object_column(Game_get_enemy(i)) < 16)
  85   5                                  Game_place_char(line_buf, '*', Game_get_enemy(i));
  86   5                          LCD_Display(line, line_buf);
  87   5                      }
  88   4                      state_screen_shown = 0;
  89   4                  }
  90   3                  screen_dirty = 0;
  91   3              }
  92   2          }
  93   1      }
  94          
  95          // 游戏速度
  96          #define TICK_THRESHOLD 2
  97          
  98          void ISR_T0(void) interrupt 1 {
  99   1          static uint8 tick_counter = 0;
 100   1          TH0 = 0x3C;
 101   1          TL0 = 0xB0;
 102   1          tick_counter++;
 103   1          Keypad_Scan_ISR();
 104   1          if (tick_counter >= TICK_THRESHOLD) {
 105   2              tick_counter = 0;
 106   2              flag_tick = 1;
 107   2          }
 108   1      }
 109          
 110          void Timer_Init(void) {
 111   1          TMOD = 0x01;
 112   1          TH0 = 0x3C;
 113   1          TL0 = 0xB0;
 114   1          ET0 = 1; TR0 = 1; EA = 1;
 115   1      }

C51 COMPILER V9.60.7.0   MAIN                                                              06/24/2026 09:23:44 PAGE 3   


MODULE INFORMATION:   STATIC OVERLAYABLE
   CODE SIZE        =    545    ----
   CONSTANT SIZE    =     85    ----
   XDATA SIZE       =   ----    ----
   PDATA SIZE       =   ----    ----
   DATA SIZE        =      1      21
   IDATA SIZE       =   ----    ----
   BIT SIZE         =      2       1
END OF MODULE INFORMATION.


C51 COMPILATION COMPLETE.  0 WARNING(S),  0 ERROR(S)
