C51 COMPILER V9.60.7.0   MAIN                                                              06/22/2026 23:02:58 PAGE 1   


C51 COMPILER V9.60.7.0, COMPILATION OF MODULE MAIN
OBJECT MODULE PLACED IN .\Objects\main.obj
COMPILER INVOKED BY: E:\Softwares\IDE\keil_v5\C51\BIN\C51.EXE ..\src\main.c OPTIMIZE(8,SPEED) BROWSE DEBUG OBJECTEXTEND 
                    -PRINT(.\Listings\main.lst) TABS(2) OBJECT(.\Objects\main.obj)

line level    source

   1          //
   2          // Created by MeowWow520 on 2026/6/22.
   3          //
   4          
   5          
   6          #include <reg51.h>
   7          #include "LCD.h"
   8          #include "Keypad.h"
   9          #include "Game.h"
  10          #include "Delay.h"
  11          
  12          
  13          bit flag_tick = 0;
  14          void Timer_Init(void);
  15          
  16          
  17          void main(void) {
  18   1          Timer_Init();
  19   1          LCD_Init();
  20   1          Game_Init();
  21   1          while (1) {
  22   2              uint8 key = Keypad_Read();
  23   2              Game_update_player(key);
  24   2      
  25   2              if (flag_tick == 1) {
  26   3                  Game_update_enemies();
  27   3                  flag_tick = 0;
  28   3              }
  29   2      
  30   2              {
  31   3                  uint8 line, i;
  32   3                  char line_buf[17];
  33   3                  for (line = 0; line < 4; line++) {
  34   4                      for (i = 0; i < 16; i++) line_buf[i] = ' ';
  35   4                      line_buf[16] = '\0';
  36   4                      if (Game_get_object_line(Game_get_player()) == line)
  37   4                          Game_place_char(line_buf, 'p', Game_get_player());
  38   4                      for (i = 0; i < Game_enemy_count(); i++)
  39   4                          if (Game_get_object_line(Game_get_enemy(i)) == line)
  40   4                              Game_place_char(line_buf, 'e', Game_get_enemy(i));
  41   4                      LCD_Display(line, line_buf);
  42   4                  }
  43   3              }
  44   2          }
  45   1      }
  46          
  47          // 游戏速度
  48          #define TICK_THRESHOLD 10
  49          
  50          void ISR_T0(void) interrupt 1 {
  51   1          static uint8 tick_counter = 0;
  52   1          TH0 = 0x3C;
  53   1          TL0 = 0xB0;
  54   1          tick_counter++;
C51 COMPILER V9.60.7.0   MAIN                                                              06/22/2026 23:02:58 PAGE 2   

  55   1          if (tick_counter >= TICK_THRESHOLD) {
  56   2              tick_counter = 0;
  57   2              flag_tick = 1;
  58   2          }
  59   1      }
  60          
  61          
  62          void Timer_Init(void) {
  63   1          TMOD = 0x01;
  64   1          TH0 = 0x3C;
  65   1          TL0 = 0xB0;
  66   1          ET0 = 1; TR0 = 1; EA = 1;
  67   1      }


MODULE INFORMATION:   STATIC OVERLAYABLE
   CODE SIZE        =    236    ----
   CONSTANT SIZE    =   ----    ----
   XDATA SIZE       =   ----    ----
   PDATA SIZE       =   ----    ----
   DATA SIZE        =      1      20
   IDATA SIZE       =   ----    ----
   BIT SIZE         =      1    ----
END OF MODULE INFORMATION.


C51 COMPILATION COMPLETE.  0 WARNING(S),  0 ERROR(S)
